Copyright 1986-2022 Xilinx, Inc. All Rights Reserved. Copyright 2022-2025 Advanced Micro Devices, Inc. All Rights Reserved.
---------------------------------------------------------------------------------------------------------------------------------------------------------------------------------------------------------------
| Tool Version : Vivado v.2025.2 (win64) Build 6299465 Fri Nov 14 19:35:11 GMT 2025
| Date         : Mon Jun 22 12:21:28 2026
| Host         : LAPTOP-3O671DBN running 64-bit major release  (build 9200)
| Command      : report_bus_skew -warn_on_violation -file counter7seg_design_wrapper_bus_skew_routed.rpt -pb counter7seg_design_wrapper_bus_skew_routed.pb -rpx counter7seg_design_wrapper_bus_skew_routed.rpx
| Design       : counter7seg_design_wrapper
| Device       : 7a35ti-csg324
| Speed File   : -1L  PRODUCTION 1.23 2018-06-13
| Design State : Routed
---------------------------------------------------------------------------------------------------------------------------------------------------------------------------------------------------------------

Bus Skew Report

No bus skew constraints

